Archive member included to satisfy reference by file (symbol)

C:/ST/STM32CubeIDE_1.14.0/STM32CubeIDE/plugins/com.st.stm32cube.ide.mcu.externaltools.gnu-tools-for-stm32.11.3.rel1.win32_1.1.100.202309141235/tools/bin/../lib/gcc/arm-none-eabi/11.3.1/../../../../arm-none-eabi/lib/thumb/v7e-m+fp/hard\libc_nano.a(libc_a-exit.o)
                              C:/ST/STM32CubeIDE_1.14.0/STM32CubeIDE/plugins/com.st.stm32cube.ide.mcu.externaltools.gnu-tools-for-stm32.11.3.rel1.win32_1.1.100.202309141235/tools/bin/../lib/gcc/arm-none-eabi/11.3.1/../../../../arm-none-eabi/lib/thumb/v7e-m+fp/hard/crt0.o (exit)
C:/ST/STM32CubeIDE_1.14.0/STM32CubeIDE/plugins/com.st.stm32cube.ide.mcu.externaltools.gnu-tools-for-stm32.11.3.rel1.win32_1.1.100.202309141235/tools/bin/../lib/gcc/arm-none-eabi/11.3.1/../../../../arm-none-eabi/lib/thumb/v7e-m+fp/hard\libc_nano.a(libc_a-findfp.o)
                              C:/ST/STM32CubeIDE_1.14.0/STM32CubeIDE/plugins/com.st.stm32cube.ide.mcu.externaltools.gnu-tools-for-stm32.11.3.rel1.win32_1.1.100.202309141235/tools/bin/../lib/gcc/arm-none-eabi/11.3.1/../../../../arm-none-eabi/lib/thumb/v7e-m+fp/hard\libc_nano.a(libc_a-exit.o) (__stdio_exit_handler)
C:/ST/STM32CubeIDE_1.14.0/STM32CubeIDE/plugins/com.st.stm32cube.ide.mcu.externaltools.gnu-tools-for-stm32.11.3.rel1.win32_1.1.100.202309141235/tools/bin/../lib/gcc/arm-none-eabi/11.3.1/../../../../arm-none-eabi/lib/thumb/v7e-m+fp/hard\libc_nano.a(libc_a-fwalk.o)
                              C:/ST/STM32CubeIDE_1.14.0/STM32CubeIDE/plugins/com.st.stm32cube.ide.mcu.externaltools.gnu-tools-for-stm32.11.3.rel1.win32_1.1.100.202309141235/tools/bin/../lib/gcc/arm-none-eabi/11.3.1/../../../../arm-none-eabi/lib/thumb/v7e-m+fp/hard\libc_nano.a(libc_a-findfp.o) (_fwalk_sglue)
C:/ST/STM32CubeIDE_1.14.0/STM32CubeIDE/plugins/com.st.stm32cube.ide.mcu.externaltools.gnu-tools-for-stm32.11.3.rel1.win32_1.1.100.202309141235/tools/bin/../lib/gcc/arm-none-eabi/11.3.1/../../../../arm-none-eabi/lib/thumb/v7e-m+fp/hard\libc_nano.a(libc_a-stdio.o)
                              C:/ST/STM32CubeIDE_1.14.0/STM32CubeIDE/plugins/com.st.stm32cube.ide.mcu.externaltools.gnu-tools-for-stm32.11.3.rel1.win32_1.1.100.202309141235/tools/bin/../lib/gcc/arm-none-eabi/11.3.1/../../../../arm-none-eabi/lib/thumb/v7e-m+fp/hard\libc_nano.a(libc_a-findfp.o) (__sread)
C:/ST/STM32CubeIDE_1.14.0/STM32CubeIDE/plugins/com.st.stm32cube.ide.mcu.externaltools.gnu-tools-for-stm32.11.3.rel1.win32_1.1.100.202309141235/tools/bin/../lib/gcc/arm-none-eabi/11.3.1/../../../../arm-none-eabi/lib/thumb/v7e-m+fp/hard\libc_nano.a(libc_a-memset.o)
                              C:/ST/STM32CubeIDE_1.14.0/STM32CubeIDE/plugins/com.st.stm32cube.ide.mcu.externaltools.gnu-tools-for-stm32.11.3.rel1.win32_1.1.100.202309141235/tools/bin/../lib/gcc/arm-none-eabi/11.3.1/../../../../arm-none-eabi/lib/thumb/v7e-m+fp/hard/crt0.o (memset)
C:/ST/STM32CubeIDE_1.14.0/STM32CubeIDE/plugins/com.st.stm32cube.ide.mcu.externaltools.gnu-tools-for-stm32.11.3.rel1.win32_1.1.100.202309141235/tools/bin/../lib/gcc/arm-none-eabi/11.3.1/../../../../arm-none-eabi/lib/thumb/v7e-m+fp/hard\libc_nano.a(libc_a-closer.o)
                              C:/ST/STM32CubeIDE_1.14.0/STM32CubeIDE/plugins/com.st.stm32cube.ide.mcu.externaltools.gnu-tools-for-stm32.11.3.rel1.win32_1.1.100.202309141235/tools/bin/../lib/gcc/arm-none-eabi/11.3.1/../../../../arm-none-eabi/lib/thumb/v7e-m+fp/hard\libc_nano.a(libc_a-stdio.o) (_close_r)
C:/ST/STM32CubeIDE_1.14.0/STM32CubeIDE/plugins/com.st.stm32cube.ide.mcu.externaltools.gnu-tools-for-stm32.11.3.rel1.win32_1.1.100.202309141235/tools/bin/../lib/gcc/arm-none-eabi/11.3.1/../../../../arm-none-eabi/lib/thumb/v7e-m+fp/hard\libc_nano.a(libc_a-reent.o)
                              C:/ST/STM32CubeIDE_1.14.0/STM32CubeIDE/plugins/com.st.stm32cube.ide.mcu.externaltools.gnu-tools-for-stm32.11.3.rel1.win32_1.1.100.202309141235/tools/bin/../lib/gcc/arm-none-eabi/11.3.1/../../../../arm-none-eabi/lib/thumb/v7e-m+fp/hard\libc_nano.a(libc_a-closer.o) (errno)
C:/ST/STM32CubeIDE_1.14.0/STM32CubeIDE/plugins/com.st.stm32cube.ide.mcu.externaltools.gnu-tools-for-stm32.11.3.rel1.win32_1.1.100.202309141235/tools/bin/../lib/gcc/arm-none-eabi/11.3.1/../../../../arm-none-eabi/lib/thumb/v7e-m+fp/hard\libc_nano.a(libc_a-impure.o)
                              C:/ST/STM32CubeIDE_1.14.0/STM32CubeIDE/plugins/com.st.stm32cube.ide.mcu.externaltools.gnu-tools-for-stm32.11.3.rel1.win32_1.1.100.202309141235/tools/bin/../lib/gcc/arm-none-eabi/11.3.1/../../../../arm-none-eabi/lib/thumb/v7e-m+fp/hard\libc_nano.a(libc_a-reent.o) (_impure_ptr)
C:/ST/STM32CubeIDE_1.14.0/STM32CubeIDE/plugins/com.st.stm32cube.ide.mcu.externaltools.gnu-tools-for-stm32.11.3.rel1.win32_1.1.100.202309141235/tools/bin/../lib/gcc/arm-none-eabi/11.3.1/../../../../arm-none-eabi/lib/thumb/v7e-m+fp/hard\libc_nano.a(libc_a-lseekr.o)
[...]
Memory Configuration

Name             Origin             Length             Attributes
RAM              0x0000000020000000 0x0000000000010000 xrw
FLASH            0x0000000008000000 0x0000000000040000 xr
*default*        0x0000000000000000 0xffffffffffffffff

Linker script and memory map

LOAD C:/ST/STM32CubeIDE_1.14.0/STM32CubeIDE/plugins/com.st.stm32cube.ide.mcu.externaltools.gnu-tools-for-stm32.11.3.rel1.win32_1.1.100.202309141235/tools/bin/../lib/gcc/arm-none-eabi/11.3.1/thumb/v7e-m+fp/hard/crti.o
LOAD C:/ST/STM32CubeIDE_1.14.0/STM32CubeIDE/plugins/com.st.stm32cube.ide.mcu.externaltools.gnu-tools-for-stm32.11.3.rel1.win32_1.1.100.202309141235/tools/bin/../lib/gcc/arm-none-eabi/11.3.1/thumb/v7e-m+fp/hard/crtbegin.o
LOAD C:/ST/STM32CubeIDE_1.14.0/STM32CubeIDE/plugins/com.st.stm32cube.ide.mcu.externaltools.gnu-tools-for-stm32.11.3.rel1.win32_1.1.100.202309141235/tools/bin/../lib/gcc/arm-none-eabi/11.3.1/../../../../arm-none-eabi/lib/thumb/v7e-m+fp/hard/crt0.o
LOAD ./Src/Core_Prephirals/systick.o
LOAD ./Src/MCAL/RCC/RCC.o
LOAD ./Src/MCAL/gpio/gpio.o
LOAD ./Src/main.o
LOAD ./Src/syscalls.o
LOAD ./Src/sysmem.o
LOAD ./Startup/startup_stm32f401rctx.o
START GROUP
LOAD C:/ST/STM32CubeIDE_1.14.0/STM32CubeIDE/plugins/com.st.stm32cube.ide.mcu.externaltools.gnu-tools-for-stm32.11.3.rel1.win32_1.1.100.202309141235/tools/bin/../lib/gcc/arm-none-eabi/11.3.1/../../../../arm-none-eabi/lib/thumb/v7e-m+fp/hard\libc_nano.a
LOAD C:/ST/STM32CubeIDE_1.14.0/STM32CubeIDE/plugins/com.st.stm32cube.ide.mcu.externaltools.gnu-tools-for-stm32.11.3.rel1.win32_1.1.100.202309141235/tools/bin/../lib/gcc/arm-none-eabi/11.3.1/../../../../arm-none-eabi/lib/thumb/v7e-m+fp/hard\libm.a
END GROUP
START GROUP
LOAD C:/ST/STM32CubeIDE_1.14.0/STM32CubeIDE/plugins/com.st.stm32cube.ide.mcu.externaltools.gnu-tools-for-stm32.11.3.rel1.win32_1.1.100.202309141235/tools/bin/../lib/gcc/arm-none-eabi/11.3.1/thumb/v7e-m+fp/hard\libgcc.a
LOAD C:/ST/STM32CubeIDE_1.14.0/STM32CubeIDE/plugins/com.st.stm32cube.ide.mcu.externaltools.gnu-tools-for-stm32.11.3.rel1.win32_1.1.100.202309141235/tools/bin/../lib/gcc/arm-none-eabi/11.3.1/../../../../arm-none-eabi/lib/thumb/v7e-m+fp/hard\libc_nano.a
END GROUP
START GROUP
LOAD C:/ST/STM32CubeIDE_1.14.0/STM32CubeIDE/plugins/com.st.stm32cube.ide.mcu.externaltools.gnu-tools-for-stm32.11.3.rel1.win32_1.1.100.202309141235/tools/bin/../lib/gcc/arm-none-eabi/11.3.1/thumb/v7e-m+fp/hard\libgcc.a
LOAD C:/ST/STM32CubeIDE_1.14.0/STM32CubeIDE/plugins/com.st.stm32cube.ide.mcu.externaltools.gnu-tools-for-stm32.11.3.rel1.win32_1.1.100.202309141235/tools/bin/../lib/gcc/arm-none-eabi/11.3.1/../../../../arm-none-eabi/lib/thumb/v7e-m+fp/hard\libc_nano.a
LOAD C:/ST/STM32CubeIDE_1.14.0/STM32CubeIDE/plugins/com.st.stm32cube.ide.mcu.externaltools.gnu-tools-for-stm32.11.3.rel1.win32_1.1.100.202309141235/tools/bin/../lib/gcc/arm-none-eabi/11.3.1/../../../../arm-none-eabi/lib/thumb/v7e-m+fp/hard\libnosys.a
END GROUP
START GROUP
LOAD C:/ST/STM32CubeIDE_1.14.0/STM32CubeIDE/plugins/com.st.stm32cube.ide.mcu.externaltools.gnu-tools-for-stm32.11.3.rel1.win32_1.1.100.202309141235/tools/bin/../lib/gcc/arm-none-eabi/11.3.1/thumb/v7e-m+fp/hard\libgcc.a
LOAD C:/ST/STM32CubeIDE_1.14.0/STM32CubeIDE/plugins/com.st.stm32cube.ide.mcu.externaltools.gnu-tools-for-stm32.11.3.rel1.win32_1.1.100.202309141235/tools/bin/../lib/gcc/arm-none-eabi/11.3.1/../../../../arm-none-eabi/lib/thumb/v7e-m+fp/hard\libc_nano.a
LOAD C:/ST/STM32CubeIDE_1.14.0/STM32CubeIDE/plugins/com.st.stm32cube.ide.mcu.externaltools.gnu-tools-for-stm32.11.3.rel1.win32_1.1.100.202309141235/tools/bin/../lib/gcc/arm-none-eabi/11.3.1/../../../../arm-none-eabi/lib/thumb/v7e-m+fp/hard\libnosys.a
END GROUP
LOAD C:/ST/STM32CubeIDE_1.14.0/STM32CubeIDE/plugins/com.st.stm32cube.ide.mcu.externaltools.gnu-tools-for-stm32.11.3.rel1.win32_1.1.100.202309141235/tools/bin/../lib/gcc/arm-none-eabi/11.3.1/thumb/v7e-m+fp/hard/crtend.o
LOAD C:/ST/STM32CubeIDE_1.14.0/STM32CubeIDE/plugins/com.st.stm32cube.ide.mcu.externaltools.gnu-tools-for-stm32.11.3.rel1.win32_1.1.100.202309141235/tools/bin/../lib/gcc/arm-none-eabi/11.3.1/thumb/v7e-m+fp/hard/crtn.o
                0x0000000020010000                _estack = (ORIGIN (RAM) + LENGTH (RAM))
                0x0000000000000200                _Min_Heap_Size = 0x200
                0x0000000000000400                _Min_Stack_Size = 0x400

.isr_vector     0x0000000008000000      0x194
                0x0000000008000000                . = ALIGN (0x4)
 *(.isr_vector)
 .isr_vector    0x0000000008000000      0x194 ./Startup/startup_stm32f401rctx.o
                0x0000000008000000                g_pfnVectors
                0x0000000008000194                . = ALIGN (0x4)

.text           0x0000000008000194      0x760
                0x0000000008000194                . = ALIGN (0x4)
 *(.text)
 .text          0x0000000008000194       0x40 C:/ST/STM32CubeIDE_1.14.0/STM32CubeIDE/plugins/com.st.stm32cube.ide.mcu.externaltools.gnu-tools-for-stm32.11.3.rel1.win32_1.1.100.202309141235/tools/bin/../lib/gcc/arm-none-eabi/11.3.1/thumb/v7e-m+fp/hard/crtbegin.o
 *(.text*)
 .text.systick_init
                0x00000000080001d4       0x54 ./Src/Core_Prephirals/systick.o
                0x00000000080001d4                systick_init
 .text.systick_wait_blocking
                0x0000000008000228       0x54 ./Src/Core_Prephirals/systick.o
                0x0000000008000228                systick_wait_blocking
 .text.delay_ms
                0x000000000800027c       0x30 ./Src/Core_Prephirals/systick.o
                0x000000000800027c                delay_ms
 .text.HALL_RCC_OscConfig
                0x00000000080002ac      0x1f4 ./Src/MCAL/RCC/RCC.o
                0x00000000080002ac                HALL_RCC_OscConfig
 .text.HALL_RCC_ClockConfig
                0x00000000080004a0       0x60 ./Src/MCAL/RCC/RCC.o
                0x00000000080004a0                HALL_RCC_ClockConfig
 .text.gpio_pin_init
                0x0000000008000500      0x23c ./Src/MCAL/gpio/gpio.o
                0x0000000008000500                gpio_pin_init
 .text.gpio_toggle_pin_value
                0x000000000800073c       0x6c ./Src/MCAL/gpio/gpio.o
                0x000000000800073c                gpio_toggle_pin_value
 .text.main     0x00000000080007a8       0x38 ./Src/main.o
                0x00000000080007a8                main
 .text.SystemClock_Config
                0x00000000080007e0       0x60 ./Src/main.o
                0x00000000080007e0                SystemClock_Config
 .text.Reset_Handler
                0x0000000008000840       0x50 ./Startup/startup_stm32f401rctx.o
                0x0000000008000840                Reset_Handler
 .text.Default_Handler
                0x0000000008000890        0x2 ./Startup/startup_stm32f401rctx.o
                0x0000000008000890                EXTI2_IRQHandler
                0x0000000008000890                DebugMon_Handler
                0x0000000008000890                SPI4_IRQHandler
                0x0000000008000890                TIM1_CC_IRQHandler
                0x0000000008000890                DMA2_Stream5_IRQHandler
                0x0000000008000890                HardFault_Handler
                0x0000000008000890                DMA1_Stream5_IRQHandler
                0x0000000008000890                SysTick_Handler
                0x0000000008000890                SDIO_IRQHandler
                0x0000000008000890                TAMP_STAMP_IRQHandler
                0x0000000008000890                PendSV_Handler
                0x0000000008000890                NMI_Handler
                0x0000000008000890                EXTI3_IRQHandler
                0x0000000008000890                TIM1_UP_TIM10_IRQHandler
                0x0000000008000890                I2C3_ER_IRQHandler
                0x0000000008000890                EXTI18_OTG_FS_WKUP_IRQHandler
                0x0000000008000890                EXTI0_IRQHandler
                0x0000000008000890                I2C2_EV_IRQHandler
                0x0000000008000890                DMA1_Stream2_IRQHandler
                0x0000000008000890                UsageFault_Handler
                0x0000000008000890                DMA2_Stream2_IRQHandler
                0x0000000008000890                SPI1_IRQHandler
                0x0000000008000890                TIM1_BRK_TIM9_IRQHandler
                0x0000000008000890                DMA2_Stream3_IRQHandler
                0x0000000008000890                USART6_IRQHandler
                0x0000000008000890                DMA2_Stream0_IRQHandler
                0x0000000008000890                TIM4_IRQHandler
                0x0000000008000890                I2C1_EV_IRQHandler
                0x0000000008000890                DMA1_Stream6_IRQHandler
                0x0000000008000890                DMA1_Stream1_IRQHandler
                0x0000000008000890                TIM3_IRQHandler
                0x0000000008000890                RCC_IRQHandler
                0x0000000008000890                Default_Handler
                0x0000000008000890                EXTI15_10_IRQHandler
                0x0000000008000890                ADC_IRQHandler
                0x0000000008000890                DMA1_Stream7_IRQHandler
                0x0000000008000890                TIM5_IRQHandler
                0x0000000008000890                DMA2_Stream7_IRQHandler
                0x0000000008000890                I2C3_EV_IRQHandler
                0x0000000008000890                EXTI9_5_IRQHandler
                0x0000000008000890                SPI2_IRQHandler
                0x0000000008000890                MemManage_Handler
                0x0000000008000890                DMA1_Stream0_IRQHandler
                0x0000000008000890                SVC_Handler
                0x0000000008000890                EXTI4_IRQHandler
                0x0000000008000890                EXTI22_RTC_WKUP_IRQHandler
                0x0000000008000890                TIM2_IRQHandler
                0x0000000008000890                EXTI16_PVD_IRQHandler
                0x0000000008000890                TIM1_TRG_COM_TIM11_IRQHandler
                0x0000000008000890                EXTI1_IRQHandler
                0x0000000008000890                EXTI17_RTC_Alarm_IRQHandler
                0x0000000008000890                USART2_IRQHandler
                0x0000000008000890                I2C2_ER_IRQHandler
                0x0000000008000890                DMA2_Stream1_IRQHandler
                0x0000000008000890                FLASH_IRQHandler
                0x0000000008000890                DMA2_Stream4_IRQHandler
                0x0000000008000890                BusFault_Handler
                0x0000000008000890                USART1_IRQHandler
                0x0000000008000890                OTG_FS_IRQHandler
                0x0000000008000890                SPI3_IRQHandler
                0x0000000008000890                DMA1_Stream4_IRQHandler
                0x0000000008000890                I2C1_ER_IRQHandler
                0x0000000008000890                DMA2_Stream6_IRQHandler
                0x0000000008000890                DMA1_Stream3_IRQHandler
 *fill*         0x0000000008000892        0x2 
 .text.__libc_init_array
                0x0000000008000894       0x48 C:/ST/STM32CubeIDE_1.14.0/STM32CubeIDE/plugins/com.st.stm32cube.ide.mcu.externaltools.gnu-tools-for-stm32.11.3.rel1.win32_1.1.100.202309141235/tools/bin/../lib/gcc/arm-none-eabi/11.3.1/../../../../arm-none-eabi/lib/thumb/v7e-m+fp/hard\libc_nano.a(libc_a-init.o)
                0x0000000008000894                __libc_init_array
 *(.glue_7)
 .glue_7        0x00000000080008dc        0x0 linker stubs
 *(.glue_7t)
 .glue_7t       0x00000000080008dc        0x0 linker stubs
 *(.eh_frame)
 .eh_frame      0x00000000080008dc        0x0 C:/ST/STM32CubeIDE_1.14.0/STM32CubeIDE/plugins/com.st.stm32cube.ide.mcu.externaltools.gnu-tools-for-stm32.11.3.rel1.win32_1.1.100.202309141235/tools/bin/../lib/gcc/arm-none-eabi/11.3.1/thumb/v7e-m+fp/hard/crtbegin.o
 *(.init)
 .init          0x00000000080008dc        0x4 C:/ST/STM32CubeIDE_1.14.0/STM32CubeIDE/plugins/com.st.stm32cube.ide.mcu.externaltools.gnu-tools-for-stm32.11.3.rel1.win32_1.1.100.202309141235/tools/bin/../lib/gcc/arm-none-eabi/11.3.1/thumb/v7e-m+fp/hard/crti.o
                0x00000000080008dc                _init
 .init          0x00000000080008e0        0x8 C:/ST/STM32CubeIDE_1.14.0/STM32CubeIDE/plugins/com.st.stm32cube.ide.mcu.externaltools.gnu-tools-for-stm32.11.3.rel1.win32_1.1.100.202309141235/tools/bin/../lib/gcc/arm-none-eabi/11.3.1/thumb/v7e-m+fp/hard/crtn.o
 *(.fini)
 .fini          0x00000000080008e8        0x4 C:/ST/STM32CubeIDE_1.14.0/STM32CubeIDE/plugins/com.st.stm32cube.ide.mcu.externaltools.gnu-tools-for-stm32.11.3.rel1.win32_1.1.100.202309141235/tools/bin/../lib/gcc/arm-none-eabi/11.3.1/thumb/v7e-m+fp/hard/crti.o
                0x00000000080008e8                _fini
 .fini          0x00000000080008ec        0x8 C:/ST/STM32CubeIDE_1.14.0/STM32CubeIDE/plugins/com.st.stm32cube.ide.mcu.externaltools.gnu-tools-for-stm32.11.3.rel1.win32_1.1.100.202309141235/tools/bin/../lib/gcc/arm-none-eabi/11.3.1/thumb/v7e-m+fp/hard/crtn.o
                0x00000000080008f4                . = ALIGN (0x4)
                0x00000000080008f4                _etext = .

.vfp11_veneer   0x00000000080008f4        0x0
 .vfp11_veneer  0x00000000080008f4        0x0 linker stubs

.v4_bx          0x00000000080008f4        0x0
 .v4_bx         0x00000000080008f4        0x0 linker stubs

.iplt           0x00000000080008f4        0x0
 .iplt          0x00000000080008f4        0x0 C:/ST/STM32CubeIDE_1.14.0/STM32CubeIDE/plugins/com.st.stm32cube.ide.mcu.externaltools.gnu-tools-for-stm32.11.3.rel1.win32_1.1.100.202309141235/tools/bin/../lib/gcc/arm-none-eabi/11.3.1/thumb/v7e-m+fp/hard/crtbegin.o

.rel.dyn        0x00000000080008f4        0x0
 .rel.iplt      0x00000000080008f4        0x0 C:/ST/STM32CubeIDE_1.14.0/STM32CubeIDE/plugins/com.st.stm32cube.ide.mcu.externaltools.gnu-tools-for-stm32.11.3.rel1.win32_1.1.100.202309141235/tools/bin/../lib/gcc/arm-none-eabi/11.3.1/thumb/v7e-m+fp/hard/crtbegin.o

.rodata         0x00000000080008f4        0x0
                0x00000000080008f4                . = ALIGN (0x4)
 *(.rodata)
 *(.rodata*)
                0x00000000080008f4                . = ALIGN (0x4)

.ARM.extab      0x00000000080008f4        0x0
                0x00000000080008f4                . = ALIGN (0x4)
 *(.ARM.extab* .gnu.linkonce.armextab.*)
                0x00000000080008f4                . = ALIGN (0x4)

.ARM            0x00000000080008f4        0x0
                0x00000000080008f4                . = ALIGN (0x4)
                0x00000000080008f4                __exidx_start = .
 *(.ARM.exidx*)
                0x00000000080008f4                __exidx_end = .
                0x00000000080008f4                . = ALIGN (0x4)

.preinit_array  0x00000000080008f4        0x0
                0x00000000080008f4                . = ALIGN (0x4)
                0x00000000080008f4                PROVIDE (__preinit_array_start = .)
 *(.preinit_array*)
                0x00000000080008f4                PROVIDE (__preinit_array_end = .)
                0x00000000080008f4                . = ALIGN (0x4)

.init_array     0x00000000080008f4        0x4
                0x00000000080008f4                . = ALIGN (0x4)
                0x00000000080008f4                PROVIDE (__init_array_start = .)
 *(SORT_BY_NAME(.init_array.*))
 *(.init_array*)
 .init_array    0x00000000080008f4        0x4 C:/ST/STM32CubeIDE_1.14.0/STM32CubeIDE/plugins/com.st.stm32cube.ide.mcu.externaltools.gnu-tools-for-stm32.11.3.rel1.win32_1.1.100.202309141235/tools/bin/../lib/gcc/arm-none-eabi/11.3.1/thumb/v7e-m+fp/hard/crtbegin.o
                0x00000000080008f8                PROVIDE (__init_array_end = .)
                0x00000000080008f8                . = ALIGN (0x4)

.fini_array     0x00000000080008f8        0x4
                0x00000000080008f8                . = ALIGN (0x4)
                [!provide]                        PROVIDE (__fini_array_start = .)
 *(SORT_BY_NAME(.fini_array.*))
 *(.fini_array*)
 .fini_array    0x00000000080008f8        0x4 C:/ST/STM32CubeIDE_1.14.0/STM32CubeIDE/plugins/com.st.stm32cube.ide.mcu.externaltools.gnu-tools-for-stm32.11.3.rel1.win32_1.1.100.202309141235/tools/bin/../lib/gcc/arm-none-eabi/11.3.1/thumb/v7e-m+fp/hard/crtbegin.o
                [!provide]                        PROVIDE (__fini_array_end = .)
                0x00000000080008fc                . = ALIGN (0x4)
                0x00000000080008fc                _sidata = LOADADDR (.data)

.data           0x0000000020000000       0x20 load address 0x00000000080008fc
                0x0000000020000000                . = ALIGN (0x4)
                0x0000000020000000                _sdata = .
 *(.data)
 *(.data*)
 .data.GPIO_PORT
                0x0000000020000000       0x18 ./Src/MCAL/gpio/gpio.o
 .data.portc_13
                0x0000000020000018        0x7 ./Src/main.o
                0x0000000020000018                portc_13
 *(.RamFunc)
 *(.RamFunc*)
                0x0000000020000020                . = ALIGN (0x4)
 *fill*         0x000000002000001f        0x1 
                0x0000000020000020                _edata = .

.igot.plt       0x0000000020000020        0x0 load address 0x000000000800091c
 .igot.plt      0x0000000020000020        0x0 C:/ST/STM32CubeIDE_1.14.0/STM32CubeIDE/plugins/com.st.stm32cube.ide.mcu.externaltools.gnu-tools-for-stm32.11.3.rel1.win32_1.1.100.202309141235/tools/bin/../lib/gcc/arm-none-eabi/11.3.1/thumb/v7e-m+fp/hard/crtbegin.o
                0x0000000020000020                . = ALIGN (0x4)

.bss            0x0000000020000020       0x1c load address 0x000000000800091c
                0x0000000020000020                _sbss = .
                0x0000000020000020                __bss_start__ = _sbss
 *(.bss)
 .bss           0x0000000020000020       0x1c C:/ST/STM32CubeIDE_1.14.0/STM32CubeIDE/plugins/com.st.stm32cube.ide.mcu.externaltools.gnu-tools-for-stm32.11.3.rel1.win32_1.1.100.202309141235/tools/bin/../lib/gcc/arm-none-eabi/11.3.1/thumb/v7e-m+fp/hard/crtbegin.o
 *(.bss*)
 *(COMMON)
                0x000000002000003c                . = ALIGN (0x4)
                0x000000002000003c                _ebss = .
                0x000000002000003c                __bss_end__ = _ebss

._user_heap_stack
                0x000000002000003c      0x604 load address 0x000000000800091c
                0x0000000020000040                . = ALIGN (0x8)
 *fill*         0x000000002000003c        0x4 
                [!provide]                        PROVIDE (end = .)
                0x0000000020000040                PROVIDE (_end = .)
                0x0000000020000240                . = (. + _Min_Heap_Size)
 *fill*         0x0000000020000040      0x200 
                0x0000000020000640                . = (. + _Min_Stack_Size)
 *fill*         0x0000000020000240      0x400 
                0x0000000020000640                . = ALIGN (0x8)

/DISCARD/
 libc.a(*)
 libm.a(*)
 libgcc.a(*)

.ARM.attributes
                0x0000000000000000       0x30
 *(.ARM.attributes)
 .ARM.attributes
                0x0000000000000000       0x1e C:/ST/STM32CubeIDE_1.14.0/STM32CubeIDE/plugins/com.st.stm32cube.ide.mcu.externaltools.gnu-tools-for-stm32.11.3.rel1.win32_1.1.100.202309141235/tools/bin/../lib/gcc/arm-none-eabi/11.3.1/thumb/v7e-m+fp/hard/crti.o
 .ARM.attributes
                0x000000000000001e       0x34 C:/ST/STM32CubeIDE_1.14.0/STM32CubeIDE/plugins/com.st.stm32cube.ide.mcu.externaltools.gnu-tools-for-stm32.11.3.rel1.win32_1.1.100.202309141235/tools/bin/../lib/gcc/arm-none-eabi/11.3.1/thumb/v7e-m+fp/hard/crtbegin.o
 .ARM.attributes
                0x0000000000000052       0x34 ./Src/Core_Prephirals/systick.o
 .ARM.attributes
                0x0000000000000086       0x34 ./Src/MCAL/RCC/RCC.o
 .ARM.attributes
                0x00000000000000ba       0x34 ./Src/MCAL/gpio/gpio.o
 .ARM.attributes
                0x00000000000000ee       0x34 ./Src/main.o
 .ARM.attributes
                0x0000000000000122       0x21 ./Startup/startup_stm32f401rctx.o
 .ARM.attributes
                0x0000000000000143       0x34 C:/ST/STM32CubeIDE_1.14.0/STM32CubeIDE/plugins/com.st.stm32cube.ide.mcu.externaltools.gnu-tools-for-stm32.11.3.rel1.win32_1.1.100.202309141235/tools/bin/../lib/gcc/arm-none-eabi/11.3.1/../../../../arm-none-eabi/lib/thumb/v7e-m+fp/hard\libc_nano.a(libc_a-init.o)
 .ARM.attributes
                0x0000000000000177       0x1e C:/ST/STM32CubeIDE_1.14.0/STM32CubeIDE/plugins/com.st.stm32cube.ide.mcu.externaltools.gnu-tools-for-stm32.11.3.rel1.win32_1.1.100.202309141235/tools/bin/../lib/gcc/arm-none-eabi/11.3.1/thumb/v7e-m+fp/hard/crtn.o
OUTPUT(STM32_Revision.elf elf32-littlearm)
LOAD linker stubs
LOAD C:/ST/STM32CubeIDE_1.14.0/STM32CubeIDE/plugins/com.st.stm32cube.ide.mcu.externaltools.gnu-tools-for-stm32.11.3.rel1.win32_1.1.100.202309141235/tools/bin/../lib/gcc/arm-none-eabi/11.3.1/../../../../arm-none-eabi/lib/thumb/v7e-m+fp/hard\libc.a
LOAD C:/ST/STM32CubeIDE_1.14.0/STM32CubeIDE/plugins/com.st.stm32cube.ide.mcu.externaltools.gnu-tools-for-stm32.11.3.rel1.win32_1.1.100.202309141235/tools/bin/../lib/gcc/arm-none-eabi/11.3.1/../../../../arm-none-eabi/lib/thumb/v7e-m+fp/hard\libm.a
LOAD C:/ST/STM32CubeIDE_1.14.0/STM32CubeIDE/plugins/com.st.stm32cube.ide.mcu.externaltools.gnu-tools-for-stm32.11.3.rel1.win32_1.1.100.202309141235/tools/bin/../lib/gcc/arm-none-eabi/11.3.1/thumb/v7e-m+fp/hard\libgcc.a

.comment        0x0000000000000000       0x43
 .comment       0x0000000000000000       0x43 C:/ST/STM32CubeIDE_1.14.0/STM32CubeIDE/plugins/com.st.stm32cube.ide.mcu.externaltools.gnu-tools-for-stm32.11.3.rel1.win32_1.1.100.202309141235/tools/bin/../lib/gcc/arm-none-eabi/11.3.1/thumb/v7e-m+fp/hard/crtbegin.o
                                         0x44 (size before relaxing)
 .comment       0x0000000000000043       0x44 ./Src/Core_Prephirals/systick.o
 .comment       0x0000000000000043       0x44 ./Src/MCAL/RCC/RCC.o
 .comment       0x0000000000000043       0x44 ./Src/MCAL/gpio/gpio.o
 .comment       0x0000000000000043       0x44 ./Src/main.o

.debug_info     0x0000000000000000     0x1152
 .debug_info    0x0000000000000000      0x1e2 ./Src/Core_Prephirals/systick.o
 .debug_info    0x00000000000001e2      0x350 ./Src/MCAL/RCC/RCC.o
 .debug_info    0x0000000000000532      0x5db ./Src/MCAL/gpio/gpio.o
 .debug_info    0x0000000000000b0d      0x622 ./Src/main.o
 .debug_info    0x000000000000112f       0x23 ./Startup/startup_stm32f401rctx.o

.debug_abbrev   0x0000000000000000      0x4e3
 .debug_abbrev  0x0000000000000000      0x138 ./Src/Core_Prephirals/systick.o
 .debug_abbrev  0x0000000000000138       0xf2 ./Src/MCAL/RCC/RCC.o
 .debug_abbrev  0x000000000000022a      0x130 ./Src/MCAL/gpio/gpio.o
 .debug_abbrev  0x000000000000035a      0x177 ./Src/main.o
 .debug_abbrev  0x00000000000004d1       0x12 ./Startup/startup_stm32f401rctx.o

.debug_aranges  0x0000000000000000       0xf8
 .debug_aranges
                0x0000000000000000       0x38 ./Src/Core_Prephirals/systick.o
 .debug_aranges
                0x0000000000000038       0x28 ./Src/MCAL/RCC/RCC.o
 .debug_aranges
                0x0000000000000060       0x48 ./Src/MCAL/gpio/gpio.o
 .debug_aranges
                0x00000000000000a8       0x28 ./Src/main.o
 .debug_aranges
                0x00000000000000d0       0x28 ./Startup/startup_stm32f401rctx.o

.debug_rnglists
                0x0000000000000000       0xa5
 .debug_rnglists
                0x0000000000000000       0x25 ./Src/Core_Prephirals/systick.o
 .debug_rnglists
                0x0000000000000025       0x1a ./Src/MCAL/RCC/RCC.o
 .debug_rnglists
                0x000000000000003f       0x34 ./Src/MCAL/gpio/gpio.o
 .debug_rnglists
                0x0000000000000073       0x19 ./Src/main.o
 .debug_rnglists
                0x000000000000008c       0x19 ./Startup/startup_stm32f401rctx.o

.debug_macro    0x0000000000000000     0x1759
 .debug_macro   0x0000000000000000       0x94 ./Src/Core_Prephirals/systick.o
 .debug_macro   0x0000000000000094      0xaae ./Src/Core_Prephirals/systick.o
 .debug_macro   0x0000000000000b42       0x22 ./Src/Core_Prephirals/systick.o
 .debug_macro   0x0000000000000b64       0x8e ./Src/Core_Prephirals/systick.o
 .debug_macro   0x0000000000000bf2       0x51 ./Src/Core_Prephirals/systick.o
 .debug_macro   0x0000000000000c43      0x103 ./Src/Core_Prephirals/systick.o
 .debug_macro   0x0000000000000d46       0x6a ./Src/Core_Prephirals/systick.o
 .debug_macro   0x0000000000000db0      0x1df ./Src/Core_Prephirals/systick.o
 .debug_macro   0x0000000000000f8f       0x34 ./Src/Core_Prephirals/systick.o
 .debug_macro   0x0000000000000fc3      0x14c ./Src/Core_Prephirals/systick.o
 .debug_macro   0x000000000000110f       0x5e ./Src/Core_Prephirals/systick.o
 .debug_macro   0x000000000000116d       0x99 ./Src/MCAL/RCC/RCC.o
 .debug_macro   0x0000000000001206      0x220 ./Src/MCAL/RCC/RCC.o
 .debug_macro   0x0000000000001426      0x142 ./Src/MCAL/RCC/RCC.o
 .debug_macro   0x0000000000001568       0x94 ./Src/MCAL/gpio/gpio.o
 .debug_macro   0x00000000000015fc       0x46 ./Src/MCAL/gpio/gpio.o
 .debug_macro   0x0000000000001642       0xdd ./Src/main.o
 .debug_macro   0x000000000000171f       0x3a ./Src/main.o

.debug_line     0x0000000000000000     0x1907
 .debug_line    0x0000000000000000      0x597 ./Src/Core_Prephirals/systick.o
 .debug_line    0x0000000000000597      0x5b6 ./Src/MCAL/RCC/RCC.o
 .debug_line    0x0000000000000b4d      0x71c ./Src/MCAL/gpio/gpio.o
 .debug_line    0x0000000000001269      0x623 ./Src/main.o
 .debug_line    0x000000000000188c       0x7b ./Startup/startup_stm32f401rctx.o

.debug_str      0x0000000000000000     0x66da
 .debug_str     0x0000000000000000     0x48d4 ./Src/Core_Prephirals/systick.o
                                       0x4a38 (size before relaxing)
 .debug_str     0x00000000000048d4     0x19bd ./Src/MCAL/RCC/RCC.o
                                       0x6149 (size before relaxing)
 .debug_str     0x0000000000006291      0x3ca ./Src/MCAL/gpio/gpio.o
                                       0x4b79 (size before relaxing)
 .debug_str     0x000000000000665b       0x50 ./Src/main.o
                                       0x6643 (size before relaxing)
 .debug_str     0x00000000000066ab       0x2f ./Startup/startup_stm32f401rctx.o
                                         0x70 (size before relaxing)

.debug_frame    0x0000000000000000      0x284
 .debug_frame   0x0000000000000000       0xa8 ./Src/Core_Prephirals/systick.o
 .debug_frame   0x00000000000000a8       0x60 ./Src/MCAL/RCC/RCC.o
 .debug_frame   0x0000000000000108      0x100 ./Src/MCAL/gpio/gpio.o
 .debug_frame   0x0000000000000208       0x50 ./Src/main.o
 .debug_frame   0x0000000000000258       0x2c C:/ST/STM32CubeIDE_1.14.0/STM32CubeIDE/plugins/com.st.stm32cube.ide.mcu.externaltools.gnu-tools-for-stm32.11.3.rel1.win32_1.1.100.202309141235/tools/bin/../lib/gcc/arm-none-eabi/11.3.1/../../../../arm-none-eabi/lib/thumb/v7e-m+fp/hard\libc_nano.a(libc_a-init.o)

.debug_line_str
                0x0000000000000000       0x64
 .debug_line_str
                0x0000000000000000       0x64 ./Startup/startup_stm32f401rctx.o
                                         0x7c (size before relaxing)
